Microchip MPLAB XC8 Compiler V1.45 ()

Linker command line:

-W-3 --edf=C:\Program Files (x86)\Microchip\xc8\v1.45\dat\en_msgs.txt -cs \
  -h+dist/default/production\ControladorTemperatura.X.production.sym \
  --cmf=dist/default/production\ControladorTemperatura.X.production.cmf -z \
  -Q18F4550 -oC:\Users\SAMUEL~1\AppData\Local\Temp\s56o.2 \
  -Mdist/default/production/ControladorTemperatura.X.production.map -E1 \
  -ver=XC8 -ASTACK=0AEh-07ffh -pstack=STACK -ACODE=00h-07FFFh \
  -ACONST=00h-07FFFh -ASMALLCONST=0800h-08FFhx120 \
  -AMEDIUMCONST=0800h-07FFFh -ACOMRAM=01h-05Fh -AABS1=00h-07FFh \
  -ABIGRAM=01h-07FFh -ARAM=060h-0FFh,0100h-01FFhx7 -ABANK0=060h-0FFh \
  -ABANK1=0100h-01FFh -ABANK2=0200h-02FFh -ABANK3=0300h-03FFh \
  -ABANK4=0400h-04FFh -ABANK5=0500h-05FFh -ABANK6=0600h-06FFh \
  -ABANK7=0700h-07FFh -ASFR=0F60h-0FFFh \
  -preset_vec=00h,intcode=08h,intcodelo=018h,powerup,init -pramtop=0800h \
  -psmallconst=SMALLCONST -pmediumconst=MEDIUMCONST -pconst=CONST \
  -AFARRAM=00h-00h -ACONFIG=0300000h-030000Dh -pconfig=CONFIG \
  -AIDLOC=0200000h-0200007h -pidloc=IDLOC -AEEDATA=0F00000h-0F000FFh \
  -peeprom_data=EEDATA \
  -prdata=COMRAM,nvrram=COMRAM,nvbit=COMRAM,rbss=COMRAM,rbit=COMRAM \
  -pfarbss=FARRAM,fardata=FARRAM,nvFARRAM=FARRAM \
  -pintsave_regs=BIGRAM,bigbss=BIGRAM,bigdata=BIGRAM -pbss=RAM \
  -pidata=CODE,irdata=CODE,ibigdata=CODE,ifardata=CODE -prparam=COMRAM \
  C:\Users\SAMUEL~1\AppData\Local\Temp\s56o.obj \
  dist/default/production\ControladorTemperatura.X.production.obj 

Object code version is 3.11

Machine type is 18F4550

Call graph: (short form)




                Name                               Link     Load   Length Selector   Space Scale
C:\Users\SAMUEL~1\AppData\Local\Temp\s56o.obj
                init                                30C      30C        4        C       0
                reset_vec                             0        0        4        0       0
                idloc                            200000   200000        8   200000       0
                config                           300000   300000        E   300000       0
dist/default/production\ControladorTemperatura.X.production.obj
                intcodelo                            18       18      2F4        C       0
                intcode                               8        8        6        4       0
                temp                                 43       43        1        1       1
                smallconst                          800      800       18      400       0
                text26                             14A0     14A0        A      40C       0
                text25                             138C     138C       3E      40C       0
                text24                             134E     134E       3E      40C       0
                text23                              FE2      FE2       84      40C       0
                text22                             10D6     10D6       70      40C       0
                intcode_body                        A98      A98      1A2      40C       0
                text20                              F5E      F5E       84      40C       0
                text19                             1066     1066       70      40C       0
                text18                             1146     1146       66      40C       0
                text17                             1496     1496        A      40C       0
                text16                             1310     1310       3E      40C       0
                text15                             12D2     12D2       3E      40C       0
                text14                              EDA      EDA       84      40C       0
                text12                             148C     148C        A      40C       0
                text11                             13CA     13CA       3A      40C       0
                text10                             1478     1478       14      40C       0
                text9                              1464     1464       14      40C       0
                text8                              1204     1204       46      40C       0
                text7                              128E     128E       44      40C       0
                text6                               DAA      DAA       AC      40C       0
                text5                              124A     124A       44      40C       0
                text4                              1404     1404       36      40C       0
                text3                               E56      E56       84      40C       0
                text2                              11AC     11AC       58      40C       0
                text1                               C3A      C3A      170      40C       0
                text0                               818      818      280      40C       0
                cstackCOMRAM                          1        1       25        1       1
                cstackBANK0                          60       60       41       60       1
                bssBANK0                             A1       A1        D       60       1
                bssCOMRAM                            26       26       1D        1       1
                cinit                              143A     143A       2A      40C       0

TOTAL           Name                               Link     Load   Length     Space
        CLASS   STACK          

        CLASS   CODE           
                intcodelo                            18       18      2F4         0
                intcode                               8        8        6         0
                init                                30C      30C        4         0
                reset_vec                             0        0        4         0
                text26                             14A0     14A0        A         0
                text25                             138C     138C       3E         0
                text24                             134E     134E       3E         0
                text23                              FE2      FE2       84         0
                text22                             10D6     10D6       70         0
                intcode_body                        A98      A98      1A2         0
                text20                              F5E      F5E       84         0
                text19                             1066     1066       70         0
                text18                             1146     1146       66         0
                text17                             1496     1496        A         0
                text16                             1310     1310       3E         0
                text15                             12D2     12D2       3E         0
                text14                              EDA      EDA       84         0
                text12                             148C     148C        A         0
                text11                             13CA     13CA       3A         0
                text10                             1478     1478       14         0
                text9                              1464     1464       14         0
                text8                              1204     1204       46         0
                text7                              128E     128E       44         0
                text6                               DAA      DAA       AC         0
                text5                              124A     124A       44         0
                text4                              1404     1404       36         0
                text3                               E56      E56       84         0
                text2                              11AC     11AC       58         0
                text1                               C3A      C3A      170         0
                text0                               818      818      280         0
                cinit                              143A     143A       2A         0

        CLASS   CONST          

        CLASS   SMALLCONST     
                smallconst                          800      800       18         0

        CLASS   MEDIUMCONST    

        CLASS   COMRAM         
                temp                                 43       43        1         1
                cstackCOMRAM                          1        1       25         1
                bssCOMRAM                            26       26       1D         1

        CLASS   ABS1           

        CLASS   BIGRAM         

        CLASS   RAM            

        CLASS   BANK0          
                cstackBANK0                          60       60       41         1
                bssBANK0                             A1       A1        D         1

        CLASS   BANK1          

        CLASS   BANK2          

        CLASS   BANK3          

        CLASS   BANK4          

        CLASS   BANK5          

        CLASS   BANK6          

        CLASS   BANK7          

        CLASS   SFR            

        CLASS   FARRAM         

        CLASS   CONFIG         
                config                           300000   300000        E         0

        CLASS   IDLOC          
                idloc                            200000   200000        8         0

        CLASS   EEDATA         



SEGMENTS        Name                           Load    Length   Top    Selector   Space  Class

                reset_vec                      000000  000004  000004         0       0  CODE    
                cstackCOMRAM                   000001  000043  000044         1       1  COMRAM  
                intcode                        000008  000006  00000E         4       0  CODE    
                intcodelo                      000018  0002F8  000310         C       0  CODE    
                cstackBANK0                    000060  00004E  0000AE        60       1  BANK0   
                smallconst                     000800  000018  000818       400       0  SMALLCON
                text0                          000818  000C92  0014AA       40C       0  CODE    
                idloc                          200000  000008  200008    200000       0  IDLOC   
                config                         300000  00000E  30000E    300000       0  CONFIG  


UNUSED ADDRESS RANGES

        Name                Unused          Largest block    Delta
        BANK0            0000AE-0000FF               52
        BANK1            000100-0001FF              100
        BANK2            000200-0002FF              100
        BANK3            000300-0003FF              100
        BANK4            000400-0004FF              100
        BANK5            000500-0005FF              100
        BANK6            000600-0006FF              100
        BANK7            000700-0007FF              100
        BIGRAM           000044-00005F               1C
                         0000AE-0007FF              752
        CODE             000004-000007                4
                         00000E-000017                A
                         000310-0007FF              4F0
                         0014AA-007FFF             6B56
        COMRAM           000044-00005F               1C
        CONST            000004-000007                4
                         00000E-000017                A
                         000310-0007FF              4F0
                         0014AA-007FFF             6B56
        EEDATA           F00000-F000FF              100
        MEDIUMCONST      0014AA-007FFF             6B56
        RAM              0000AE-0007FF              100
        SFR              000F60-000FFF               A0
        SMALLCONST       0014AA-007FFF              100
        STACK            0000AE-0007FF              752

                                  Symbol Table

?___awdiv                        cstackCOMRAM 00001D
?___awmod                        cstackCOMRAM 00001D
?___lldiv                        cstackBANK0  000086
?___llmod                        cstackCOMRAM 00001D
?___lmul                         cstackBANK0  00007A
?i1___lldiv                      cstackCOMRAM 00001D
?i2___awdiv                      cstackCOMRAM 000001
?i2___awmod                      cstackCOMRAM 000001
OpenXLCD@lcdtype                 cstackBANK0  00007B
SetDDRamAddr@DDaddr              cstackBANK0  00007A
WriteCmdXLCD@cmd                 cstackBANK0  00007A
WriteDataXLCD@data               cstackBANK0  00007A
_ADCON0                          (abs)        000FC2
_ADCON0bits                      (abs)        000FC2
_ADCON1                          (abs)        000FC1
_ADCON2                          (abs)        000FC0
_ADRESH                          (abs)        000FC4
_ADRESL                          (abs)        000FC3
_BAUDCONbits                     (abs)        000FB8
_BusyXLCD                        text11       0013CA
_DelayFor18TCY                   text12       00148C
_DelayPORXLCD                    text10       001478
_DelayXLCD                       text9        001464
_HighPriorityISR                 intcodelo    000018
_INTCON2bits                     (abs)        000FF1
_INTCON3bits                     (abs)        000FF0
_INTCONbits                      (abs)        000FF2
_LATEbits                        (abs)        000F8D
_LowPriorityISR                  intcode      000008
_OpenXLCD                        text6        000DAA
_PORTCbits                       (abs)        000F82
_PORTD                           (abs)        000F83
_RCONbits                        (abs)        000FD0
_RCSTAbits                       (abs)        000FAB
_SPBRG                           (abs)        000FAF
_SPBRGH                          (abs)        000FB0
_SetDDRamAddr                    text8        001204
_T0CON                           (abs)        000FD5
_TMR0H                           (abs)        000FD7
_TMR0L                           (abs)        000FD6
_TRISAbits                       (abs)        000F92
_TRISB                           (abs)        000F93
_TRISCbits                       (abs)        000F94
_TRISD                           (abs)        000F95
_TRISEbits                       (abs)        000F96
_TXREG                           (abs)        000FAD
_TXSTAbits                       (abs)        000FAC
_WriteCmdXLCD                    text7        00128E
_WriteDataXLCD                   text5        00124A
__CFG_CPUDIV$OSC1_PLL2           (abs)        000000
__CFG_DEBUG$ON                   (abs)        000000
__CFG_FOSC$HS                    (abs)        000000
__CFG_LVP$OFF                    (abs)        000000
__CFG_MCLRE$ON                   (abs)        000000
__CFG_WDT$OFF                    (abs)        000000
__HRAM                           (abs)        000000
__Habs1                          abs1         000000
__Hbank0                         bank0        000000
__Hbank1                         bank1        000000
__Hbank2                         bank2        000000
__Hbank3                         bank3        000000
__Hbank4                         bank4        000000
__Hbank5                         bank5        000000
__Hbank6                         bank6        000000
__Hbank7                         bank7        000000
__Hbigbss                        bigbss       000000
__Hbigdata                       bigdata      000000
__Hbigram                        bigram       000000
__Hbss                           bss          000000
__HbssBANK0                      bssBANK0     000000
__HbssCOMRAM                     bssCOMRAM    000000
__Hcinit                         cinit        000000
__Hclrtext                       clrtext      000000
__Hcomram                        comram       000000
__Hconfig                        config       30000E
__Hconst                         const        000000
__HcstackBANK0                   cstackBANK0  000000
__HcstackCOMRAM                  cstackCOMRAM 000000
__Hdata                          data         000000
__Heeprom_data                   eeprom_data  000000
__Hfarbss                        farbss       000000
__Hfardata                       fardata      000000
__Hibigdata                      ibigdata     000000
__Hidata                         idata        000000
__Hidloc                         idloc        200008
__Hifardata                      ifardata     000000
__Hinit                          init         000310
__Hintcode                       intcode      00000E
__Hintcode_body                  intcode_body 000000
__Hintcodelo                     intcodelo    00030C
__Hintentry                      intentry     000000
__Hintret                        intret       000000
__Hintsave_regs                  intsave_regs 000000
__Hirdata                        irdata       000000
__Hmediumconst                   mediumconst  000000
__HnvFARRAM                      nvFARRAM     000000
__Hnvbit                         nvbit        000000
__Hnvrram                        nvrram       000000
__Hparam                         rparam       000000
__Hpowerup                       powerup      00030C
__Hram                           ram          000000
__Hramtop                        ramtop       000800
__Hrbit                          rbit         000000
__Hrbss                          rbss         000000
__Hrdata                         rdata        000000
__Hreset_vec                     reset_vec    000004
__Hrparam                        rparam       000000
__Hsfr                           sfr          000000
__Hsmallconst                    smallconst   000818
__Hspace_0                       (abs)        30000E
__Hspace_1                       (abs)        0000AE
__Hspace_2                       (abs)        000000
__Hstack                         stack        000000
__Hstruct                        struct       000000
__Htemp                          temp         000044
__Htext                          text         000000
__Htext0                         text0        000000
__Htext1                         text1        000000
__Htext10                        text10       000000
__Htext11                        text11       000000
__Htext12                        text12       000000
__Htext14                        text14       000000
__Htext15                        text15       000000
__Htext16                        text16       000000
__Htext17                        text17       000000
__Htext18                        text18       000000
__Htext19                        text19       000000
__Htext2                         text2        000000
__Htext20                        text20       000000
__Htext22                        text22       000000
__Htext23                        text23       000000
__Htext24                        text24       000000
__Htext25                        text25       000000
__Htext26                        text26       000000
__Htext3                         text3        000000
__Htext4                         text4        000000
__Htext5                         text5        000000
__Htext6                         text6        000000
__Htext7                         text7        000000
__Htext8                         text8        000000
__Htext9                         text9        000000
__LRAM                           (abs)        000001
__Labs1                          abs1         000000
__Lbank0                         bank0        000000
__Lbank1                         bank1        000000
__Lbank2                         bank2        000000
__Lbank3                         bank3        000000
__Lbank4                         bank4        000000
__Lbank5                         bank5        000000
__Lbank6                         bank6        000000
__Lbank7                         bank7        000000
__Lbigbss                        bigbss       000000
__Lbigdata                       bigdata      000000
__Lbigram                        bigram       000000
__Lbss                           bss          000000
__LbssBANK0                      bssBANK0     000000
__LbssCOMRAM                     bssCOMRAM    000000
__Lcinit                         cinit        000000
__Lclrtext                       clrtext      000000
__Lcomram                        comram       000000
__Lconfig                        config       300000
__Lconst                         const        000000
__LcstackBANK0                   cstackBANK0  000000
__LcstackCOMRAM                  cstackCOMRAM 000000
__Ldata                          data         000000
__Leeprom_data                   eeprom_data  000000
__Lfarbss                        farbss       000000
__Lfardata                       fardata      000000
__Libigdata                      ibigdata     000000
__Lidata                         idata        000000
__Lidloc                         idloc        200000
__Lifardata                      ifardata     000000
__Linit                          init         00030C
__Lintcode                       intcode      000008
__Lintcode_body                  intcode_body 000000
__Lintcodelo                     intcodelo    000018
__Lintentry                      intentry     000000
__Lintret                        intret       000000
__Lintsave_regs                  intsave_regs 000000
__Lirdata                        irdata       000000
__Lmediumconst                   mediumconst  000000
__LnvFARRAM                      nvFARRAM     000000
__Lnvbit                         nvbit        000000
__Lnvrram                        nvrram       000000
__Lparam                         rparam       000000
__Lpowerup                       powerup      00030C
__Lram                           ram          000000
__Lramtop                        ramtop       000800
__Lrbit                          rbit         000000
__Lrbss                          rbss         000000
__Lrdata                         rdata        000000
__Lreset_vec                     reset_vec    000000
__Lrparam                        rparam       000000
__Lsfr                           sfr          000000
__Lsmallconst                    smallconst   000800
__Lspace_0                       (abs)        000000
__Lspace_1                       (abs)        000000
__Lspace_2                       (abs)        000000
__Lstack                         stack        000000
__Lstruct                        struct       000000
__Ltemp                          temp         000043
__Ltext                          text         000000
__Ltext0                         text0        000000
__Ltext1                         text1        000000
__Ltext10                        text10       000000
__Ltext11                        text11       000000
__Ltext12                        text12       000000
__Ltext14                        text14       000000
__Ltext15                        text15       000000
__Ltext16                        text16       000000
__Ltext17                        text17       000000
__Ltext18                        text18       000000
__Ltext19                        text19       000000
__Ltext2                         text2        000000
__Ltext20                        text20       000000
__Ltext22                        text22       000000
__Ltext23                        text23       000000
__Ltext24                        text24       000000
__Ltext25                        text25       000000
__Ltext26                        text26       000000
__Ltext3                         text3        000000
__Ltext4                         text4        000000
__Ltext5                         text5        000000
__Ltext6                         text6        000000
__Ltext7                         text7        000000
__Ltext8                         text8        000000
__Ltext9                         text9        000000
__S0                             (abs)        30000E
__S1                             (abs)        0000AE
__S2                             (abs)        000000
___awdiv                         text20       000F5E
___awdiv@counter                 cstackCOMRAM 000021
___awdiv@dividend                cstackCOMRAM 00001D
___awdiv@divisor                 cstackCOMRAM 00001F
___awdiv@quotient                cstackCOMRAM 000023
___awdiv@sign                    cstackCOMRAM 000022
___awmod                         text19       001066
___awmod@counter                 cstackCOMRAM 000021
___awmod@dividend                cstackCOMRAM 00001D
___awmod@divisor                 cstackCOMRAM 00001F
___awmod@sign                    cstackCOMRAM 000022
___inthi_sp                      stack        000000
___intlo_sp                      stack        000000
___lldiv                         text3        000E56
___lldiv@counter                 cstackBANK0  000092
___lldiv@dividend                cstackBANK0  000086
___lldiv@divisor                 cstackBANK0  00008A
___lldiv@quotient                cstackBANK0  00008E
___llmod                         text18       001146
___llmod@counter                 cstackCOMRAM 000025
___llmod@dividend                cstackCOMRAM 00001D
___llmod@divisor                 cstackCOMRAM 000021
___lmul                          text2        0011AC
___lmul@multiplicand             cstackBANK0  00007E
___lmul@multiplier               cstackBANK0  00007A
___lmul@product                  cstackBANK0  000082
___param_bank                    (abs)        000000
___rparam_used                   (abs)        000001
___sp                            stack        000000
__accesstop                      (abs)        000060
__activetblptr                   (abs)        000001
__end_of_BusyXLCD                text11       001404
__end_of_DelayFor18TCY           text12       001496
__end_of_DelayPORXLCD            text10       00148C
__end_of_DelayXLCD               text9        001478
__end_of_HighPriorityISR         intcodelo    00030C
__end_of_LowPriorityISR          intcode_body 000C3A
__end_of_OpenXLCD                text6        000E56
__end_of_SetDDRamAddr            text8        00124A
__end_of_WriteCmdXLCD            text7        0012D2
__end_of_WriteDataXLCD           text5        00128E
__end_of___awdiv                 text20       000FE2
__end_of___awmod                 text19       0010D6
__end_of___lldiv                 text3        000EDA
__end_of___llmod                 text18       0011AC
__end_of___lmul                  text2        001204
__end_of__initialization         cinit        001452
__end_of_main                    text0        000A98
__end_of_putsXLCD                text4        00143A
__end_of_setTemperaturaAmbiente  text1        000DAA
__end_ofi1_DelayFor18TCY         text17       0014A0
__end_ofi1_WriteCmdXLCD          text16       00134E
__end_ofi1_WriteDataXLCD         text15       001310
__end_ofi1___lldiv               text14       000F5E
__end_ofi2_DelayFor18TCY         text26       0014AA
__end_ofi2_WriteCmdXLCD          text25       0013CA
__end_ofi2_WriteDataXLCD         text24       00138C
__end_ofi2___awdiv               text23       001066
__end_ofi2___awmod               text22       001146
__initialization                 cinit        00143A
__mediumconst                    mediumconst  000000
__pbssBANK0                      bssBANK0     0000A1
__pbssCOMRAM                     bssCOMRAM    000026
__pcinit                         cinit        00143A
__pcstackBANK0                   cstackBANK0  000060
__pcstackCOMRAM                  cstackCOMRAM 000001
__pintcode                       intcode      000008
__pintcode_body                  intcode_body 000A98
__pintcodelo                     intcodelo    000018
__psmallconst                    smallconst   000800
__ptext0                         text0        000818
__ptext1                         text1        000C3A
__ptext10                        text10       001478
__ptext11                        text11       0013CA
__ptext12                        text12       00148C
__ptext14                        text14       000EDA
__ptext15                        text15       0012D2
__ptext16                        text16       001310
__ptext17                        text17       001496
__ptext18                        text18       001146
__ptext19                        text19       001066
__ptext2                         text2        0011AC
__ptext20                        text20       000F5E
__ptext22                        text22       0010D6
__ptext23                        text23       000FE2
__ptext24                        text24       00134E
__ptext25                        text25       00138C
__ptext26                        text26       0014A0
__ptext3                         text3        000E56
__ptext4                         text4        001404
__ptext5                         text5        00124A
__ptext6                         text6        000DAA
__ptext7                         text7        00128E
__ptext8                         text8        001204
__ptext9                         text9        001464
__ramtop                         ramtop       000800
__size_of_BusyXLCD               (abs)        000000
__size_of_DelayFor18TCY          (abs)        000000
__size_of_DelayPORXLCD           (abs)        000000
__size_of_DelayXLCD              (abs)        000000
__size_of_HighPriorityISR        (abs)        000000
__size_of_LowPriorityISR         (abs)        000000
__size_of_OpenXLCD               (abs)        000000
__size_of_SetDDRamAddr           (abs)        000000
__size_of_WriteCmdXLCD           (abs)        000000
__size_of_WriteDataXLCD          (abs)        000000
__size_of___awdiv                (abs)        000000
__size_of___awmod                (abs)        000000
__size_of___lldiv                (abs)        000000
__size_of___llmod                (abs)        000000
__size_of___lmul                 (abs)        000000
__size_of_main                   (abs)        000000
__size_of_putsXLCD               (abs)        000000
__size_of_setTemperaturaAmbiente (abs)        000000
__size_ofi1_DelayFor18TCY        (abs)        000000
__size_ofi1_WriteCmdXLCD         (abs)        000000
__size_ofi1_WriteDataXLCD        (abs)        000000
__size_ofi1___lldiv              (abs)        000000
__size_ofi2_DelayFor18TCY        (abs)        000000
__size_ofi2_WriteCmdXLCD         (abs)        000000
__size_ofi2_WriteDataXLCD        (abs)        000000
__size_ofi2___awdiv              (abs)        000000
__size_ofi2___awmod              (abs)        000000
__smallconst                     smallconst   000800
_aux                             bssCOMRAM    00002E
_centena                         bssCOMRAM    00003A
_dezena                          bssCOMRAM    000036
_dezenaDes                       bssCOMRAM    00002A
_leituraAD                       bssBANK0     0000A5
_main                            text0        000818
_milhar                          bssCOMRAM    00003E
_putsXLCD                        text4        001404
_resultadoAD                     bssBANK0     0000A1
_setTemperaturaAmbiente          text1        000C3A
_tempDesejada                    bssCOMRAM    000042
_tempMin                         bssBANK0     0000A9
_unidade                         bssCOMRAM    000032
_unidadeDes                      bssCOMRAM    000026
_valorAD                         bssBANK0     0000AA
btemp                            temp         000043
end_of_initialization            cinit        001452
i1WriteCmdXLCD@cmd               cstackCOMRAM 00001D
i1WriteDataXLCD@data             cstackCOMRAM 00001D
i1_DelayFor18TCY                 text17       001496
i1_WriteCmdXLCD                  text16       001310
i1_WriteDataXLCD                 text15       0012D2
i1___lldiv                       text14       000EDA
i1___lldiv@counter               cstackBANK0  000064
i1___lldiv@dividend              cstackCOMRAM 00001D
i1___lldiv@divisor               cstackCOMRAM 000021
i1___lldiv@quotient              cstackBANK0  000060
i2WriteCmdXLCD@cmd               cstackCOMRAM 000001
i2WriteDataXLCD@data             cstackCOMRAM 000001
i2_DelayFor18TCY                 text26       0014A0
i2_WriteCmdXLCD                  text25       00138C
i2_WriteDataXLCD                 text24       00134E
i2___awdiv                       text23       000FE2
i2___awdiv@counter               cstackCOMRAM 000005
i2___awdiv@dividend              cstackCOMRAM 000001
i2___awdiv@divisor               cstackCOMRAM 000003
i2___awdiv@quotient              cstackCOMRAM 000007
i2___awdiv@sign                  cstackCOMRAM 000006
i2___awmod                       text22       0010D6
i2___awmod@counter               cstackCOMRAM 000005
i2___awmod@dividend              cstackCOMRAM 000001
i2___awmod@divisor               cstackCOMRAM 000003
i2___awmod@sign                  cstackCOMRAM 000006
int$flags                        temp         000043
int_func                         intcode_body 000A98
intlevel0                        text         000000
intlevel1                        text         000000
intlevel2                        text         000000
intlevel3                        text         000000
main@index                       cstackBANK0  00009F
putsXLCD@buffer                  cstackBANK0  00007B
setTemperaturaAmbiente@index     cstackBANK0  000095
stackhi                          (abs)        0007FF
stacklo                          (abs)        0000AE
start                            init         00030C
start_initialization             cinit        00143A
wtemp6                           temp         000044


FUNCTION INFORMATION:

 *************** function _main *****************
 Defined at:
		line 161 in file "main.c"
 Parameters:    Size  Location     Type
		None
 Auto vars:     Size  Location     Type
  index           2   63[BANK0 ] int 
 Return value:  Size  Location     Type
                  1    wreg      void 
 Registers used:
		wreg, status,2, status,0, tblptrl, tblptrh, tblptru, cstack
 Tracked objects:
		On entry : 
		On exit  : 
		Unchanged: 
 Data sizes:     COMRAM   BANK0   BANK1   BANK2   BANK3   BANK4   BANK5   BANK6   BANK7
      Params:         0       0       0       0       0       0       0       0       0
      Locals:         0       2       0       0       0       0       0       0       0
      Temps:          0       8       0       0       0       0       0       0       0
      Totals:         0      10       0       0       0       0       0       0       0
Total ram usage:       10 bytes
 Hardware stack levels required when called:    9
 This function calls:
		_OpenXLCD
		_WriteCmdXLCD
		___lldiv
		___lmul
		_putsXLCD
		_setTemperaturaAmbiente
 This function is called by:
		Startup code after reset
 This function uses a non-reentrant model


 *************** function _setTemperaturaAmbiente *****************
 Defined at:
		line 35 in file "main.c"
 Parameters:    Size  Location     Type
		None
 Auto vars:     Size  Location     Type
  index           2   53[BANK0 ] int 
 Return value:  Size  Location     Type
                  1    wreg      void 
 Registers used:
		wreg, status,2, status,0, cstack
 Tracked objects:
		On entry : 
		On exit  : 
		Unchanged: 
 Data sizes:     COMRAM   BANK0   BANK1   BANK2   BANK3   BANK4   BANK5   BANK6   BANK7
      Params:         0       0       0       0       0       0       0       0       0
      Locals:         0       2       0       0       0       0       0       0       0
      Temps:          0       2       0       0       0       0       0       0       0
      Totals:         0       4       0       0       0       0       0       0       0
Total ram usage:        4 bytes
 Hardware stack levels used:    1
 Hardware stack levels required when called:    7
 This function calls:
		___lldiv
		___lmul
 This function is called by:
		_main
 This function uses a non-reentrant model


 *************** function ___lmul *****************
 Defined at:
		line 15 in file "C:\Program Files (x86)\Microchip\xc8\v1.45\sources\common\Umul32.c"
 Parameters:    Size  Location     Type
  multiplier      4   26[BANK0 ] unsigned long 
  multiplicand    4   30[BANK0 ] unsigned long 
 Auto vars:     Size  Location     Type
  product         4   34[BANK0 ] unsigned long 
 Return value:  Size  Location     Type
                  4   26[BANK0 ] unsigned long 
 Registers used:
		wreg, status,2, status,0
 Tracked objects:
		On entry : 
		On exit  : 
		Unchanged: 
 Data sizes:     COMRAM   BANK0   BANK1   BANK2   BANK3   BANK4   BANK5   BANK6   BANK7
      Params:         0       8       0       0       0       0       0       0       0
      Locals:         0       4       0       0       0       0       0       0       0
      Temps:          0       0       0       0       0       0       0       0       0
      Totals:         0      12       0       0       0       0       0       0       0
Total ram usage:       12 bytes
 Hardware stack levels used:    1
 Hardware stack levels required when called:    6
 This function calls:
		Nothing
 This function is called by:
		_setTemperaturaAmbiente
		_main
 This function uses a non-reentrant model


 *************** function ___lldiv *****************
 Defined at:
		line 8 in file "C:\Program Files (x86)\Microchip\xc8\v1.45\sources\common\lldiv.c"
 Parameters:    Size  Location     Type
  dividend        4   38[BANK0 ] unsigned long 
  divisor         4   42[BANK0 ] unsigned long 
 Auto vars:     Size  Location     Type
  quotient        4   46[BANK0 ] unsigned long 
  counter         1   50[BANK0 ] unsigned char 
 Return value:  Size  Location     Type
                  4   38[BANK0 ] unsigned long 
 Registers used:
		wreg, status,2, status,0
 Tracked objects:
		On entry : 
		On exit  : 
		Unchanged: 
 Data sizes:     COMRAM   BANK0   BANK1   BANK2   BANK3   BANK4   BANK5   BANK6   BANK7
      Params:         0       8       0       0       0       0       0       0       0
      Locals:         0       5       0       0       0       0       0       0       0
      Temps:          0       0       0       0       0       0       0       0       0
      Totals:         0      13       0       0       0       0       0       0       0
Total ram usage:       13 bytes
 Hardware stack levels used:    1
 Hardware stack levels required when called:    6
 This function calls:
		Nothing
 This function is called by:
		_setTemperaturaAmbiente
		_main
 This function uses a non-reentrant model


 *************** function _putsXLCD *****************
 Defined at:
		line 510 in file "nxlcd.c"
 Parameters:    Size  Location     Type
  buffer          2   27[BANK0 ] PTR unsigned char 
		 -> STR_2(9), STR_1(12), 
 Auto vars:     Size  Location     Type
		None
 Return value:  Size  Location     Type
                  1    wreg      void 
 Registers used:
		wreg, status,2, status,0, tblptrl, tblptrh, tblptru, cstack
 Tracked objects:
		On entry : 
		On exit  : 
		Unchanged: 
 Data sizes:     COMRAM   BANK0   BANK1   BANK2   BANK3   BANK4   BANK5   BANK6   BANK7
      Params:         0       2       0       0       0       0       0       0       0
      Locals:         0       0       0       0       0       0       0       0       0
      Temps:          0       0       0       0       0       0       0       0       0
      Totals:         0       2       0       0       0       0       0       0       0
Total ram usage:        2 bytes
 Hardware stack levels used:    1
 Hardware stack levels required when called:    8
 This function calls:
		_BusyXLCD
		_WriteDataXLCD
 This function is called by:
		_main
 This function uses a non-reentrant model


 *************** function _WriteDataXLCD *****************
 Defined at:
		line 449 in file "nxlcd.c"
 Parameters:    Size  Location     Type
  data            1    wreg     unsigned char 
 Auto vars:     Size  Location     Type
  data            1   26[BANK0 ] unsigned char 
 Return value:  Size  Location     Type
                  1    wreg      void 
 Registers used:
		wreg, status,2, status,0, cstack
 Tracked objects:
		On entry : 
		On exit  : 
		Unchanged: 
 Data sizes:     COMRAM   BANK0   BANK1   BANK2   BANK3   BANK4   BANK5   BANK6   BANK7
      Params:         0       0       0       0       0       0       0       0       0
      Locals:         0       1       0       0       0       0       0       0       0
      Temps:          0       0       0       0       0       0       0       0       0
      Totals:         0       1       0       0       0       0       0       0       0
Total ram usage:        1 bytes
 Hardware stack levels used:    1
 Hardware stack levels required when called:    7
 This function calls:
		_DelayFor18TCY
 This function is called by:
		_putsXLCD
		_putrsXLCD
 This function uses a non-reentrant model


 *************** function _OpenXLCD *****************
 Defined at:
		line 41 in file "nxlcd.c"
 Parameters:    Size  Location     Type
  lcdtype         1    wreg     unsigned char 
 Auto vars:     Size  Location     Type
  lcdtype         1   27[BANK0 ] unsigned char 
 Return value:  Size  Location     Type
                  1    wreg      void 
 Registers used:
		wreg, status,2, status,0, cstack
 Tracked objects:
		On entry : 
		On exit  : 
		Unchanged: 
 Data sizes:     COMRAM   BANK0   BANK1   BANK2   BANK3   BANK4   BANK5   BANK6   BANK7
      Params:         0       0       0       0       0       0       0       0       0
      Locals:         0       1       0       0       0       0       0       0       0
      Temps:          0       0       0       0       0       0       0       0       0
      Totals:         0       1       0       0       0       0       0       0       0
Total ram usage:        1 bytes
 Hardware stack levels used:    1
 Hardware stack levels required when called:    8
 This function calls:
		_BusyXLCD
		_DelayPORXLCD
		_DelayXLCD
		_SetDDRamAddr
		_WriteCmdXLCD
 This function is called by:
		_main
 This function uses a non-reentrant model


 *************** function _WriteCmdXLCD *****************
 Defined at:
		line 388 in file "nxlcd.c"
 Parameters:    Size  Location     Type
  cmd             1    wreg     unsigned char 
 Auto vars:     Size  Location     Type
  cmd             1   26[BANK0 ] unsigned char 
 Return value:  Size  Location     Type
                  1    wreg      void 
 Registers used:
		wreg, status,2, status,0, cstack
 Tracked objects:
		On entry : 
		On exit  : 
		Unchanged: 
 Data sizes:     COMRAM   BANK0   BANK1   BANK2   BANK3   BANK4   BANK5   BANK6   BANK7
      Params:         0       0       0       0       0       0       0       0       0
      Locals:         0       1       0       0       0       0       0       0       0
      Temps:          0       0       0       0       0       0       0       0       0
      Totals:         0       1       0       0       0       0       0       0       0
Total ram usage:        1 bytes
 Hardware stack levels used:    1
 Hardware stack levels required when called:    7
 This function calls:
		_DelayFor18TCY
 This function is called by:
		_main
		_OpenXLCD
 This function uses a non-reentrant model


 *************** function _SetDDRamAddr *****************
 Defined at:
		line 171 in file "nxlcd.c"
 Parameters:    Size  Location     Type
  DDaddr          1    wreg     unsigned char 
 Auto vars:     Size  Location     Type
  DDaddr          1   26[BANK0 ] unsigned char 
 Return value:  Size  Location     Type
                  1    wreg      void 
 Registers used:
		wreg, status,2, status,0, cstack
 Tracked objects:
		On entry : 
		On exit  : 
		Unchanged: 
 Data sizes:     COMRAM   BANK0   BANK1   BANK2   BANK3   BANK4   BANK5   BANK6   BANK7
      Params:         0       0       0       0       0       0       0       0       0
      Locals:         0       1       0       0       0       0       0       0       0
      Temps:          0       0       0       0       0       0       0       0       0
      Totals:         0       1       0       0       0       0       0       0       0
Total ram usage:        1 bytes
 Hardware stack levels used:    1
 Hardware stack levels required when called:    7
 This function calls:
		_DelayFor18TCY
 This function is called by:
		_OpenXLCD
 This function uses a non-reentrant model


 *************** function _DelayXLCD *****************
 Defined at:
		line 22 in file "nxlcd.c"
 Parameters:    Size  Location     Type
		None
 Auto vars:     Size  Location     Type
		None
 Return value:  Size  Location     Type
                  1    wreg      void 
 Registers used:
		wreg
 Tracked objects:
		On entry : 
		On exit  : 
		Unchanged: 
 Data sizes:     COMRAM   BANK0   BANK1   BANK2   BANK3   BANK4   BANK5   BANK6   BANK7
      Params:         0       0       0       0       0       0       0       0       0
      Locals:         0       0       0       0       0       0       0       0       0
      Temps:          0       1       0       0       0       0       0       0       0
      Totals:         0       1       0       0       0       0       0       0       0
Total ram usage:        1 bytes
 Hardware stack levels used:    1
 Hardware stack levels required when called:    6
 This function calls:
		Nothing
 This function is called by:
		_OpenXLCD
 This function uses a non-reentrant model


 *************** function _DelayPORXLCD *****************
 Defined at:
		line 17 in file "nxlcd.c"
 Parameters:    Size  Location     Type
		None
 Auto vars:     Size  Location     Type
		None
 Return value:  Size  Location     Type
                  1    wreg      void 
 Registers used:
		wreg
 Tracked objects:
		On entry : 
		On exit  : 
		Unchanged: 
 Data sizes:     COMRAM   BANK0   BANK1   BANK2   BANK3   BANK4   BANK5   BANK6   BANK7
      Params:         0       0       0       0       0       0       0       0       0
      Locals:         0       0       0       0       0       0       0       0       0
      Temps:          0       1       0       0       0       0       0       0       0
      Totals:         0       1       0       0       0       0       0       0       0
Total ram usage:        1 bytes
 Hardware stack levels used:    1
 Hardware stack levels required when called:    6
 This function calls:
		Nothing
 This function is called by:
		_OpenXLCD
 This function uses a non-reentrant model


 *************** function _BusyXLCD *****************
 Defined at:
		line 227 in file "nxlcd.c"
 Parameters:    Size  Location     Type
		None
 Auto vars:     Size  Location     Type
		None
 Return value:  Size  Location     Type
                  1    wreg      unsigned char 
 Registers used:
		wreg, cstack
 Tracked objects:
		On entry : 
		On exit  : 
		Unchanged: 
 Data sizes:     COMRAM   BANK0   BANK1   BANK2   BANK3   BANK4   BANK5   BANK6   BANK7
      Params:         0       0       0       0       0       0       0       0       0
      Locals:         0       0       0       0       0       0       0       0       0
      Temps:          0       0       0       0       0       0       0       0       0
      Totals:         0       0       0       0       0       0       0       0       0
Total ram usage:        0 bytes
 Hardware stack levels used:    1
 Hardware stack levels required when called:    7
 This function calls:
		_DelayFor18TCY
 This function is called by:
		_OpenXLCD
		_putsXLCD
		_putrsXLCD
 This function uses a non-reentrant model


 *************** function _DelayFor18TCY *****************
 Defined at:
		line 12 in file "nxlcd.c"
 Parameters:    Size  Location     Type
		None
 Auto vars:     Size  Location     Type
		None
 Return value:  Size  Location     Type
                  1    wreg      void 
 Registers used:
		wreg
 Tracked objects:
		On entry : 
		On exit  : 
		Unchanged: 
 Data sizes:     COMRAM   BANK0   BANK1   BANK2   BANK3   BANK4   BANK5   BANK6   BANK7
      Params:         0       0       0       0       0       0       0       0       0
      Locals:         0       0       0       0       0       0       0       0       0
      Temps:          0       0       0       0       0       0       0       0       0
      Totals:         0       0       0       0       0       0       0       0       0
Total ram usage:        0 bytes
 Hardware stack levels used:    1
 Hardware stack levels required when called:    6
 This function calls:
		Nothing
 This function is called by:
		_SetDDRamAddr
		_BusyXLCD
		_WriteCmdXLCD
		_WriteDataXLCD
		_SetCGRamAddr
		_ReadAddrXLCD
		_ReadDataXLCD
 This function uses a non-reentrant model


 *************** function _HighPriorityISR *****************
 Defined at:
		line 59 in file "main.c"
 Parameters:    Size  Location     Type
		None
 Auto vars:     Size  Location     Type
		None
 Return value:  Size  Location     Type
                  1    wreg      void 
 Registers used:
		wreg, status,2, status,0, cstack
 Tracked objects:
		On entry : 
		On exit  : 
		Unchanged: 
 Data sizes:     COMRAM   BANK0   BANK1   BANK2   BANK3   BANK4   BANK5   BANK6   BANK7
      Params:         0       0       0       0       0       0       0       0       0
      Locals:         0       0       0       0       0       0       0       0       0
      Temps:          0      21       0       0       0       0       0       0       0
      Totals:         0      21       0       0       0       0       0       0       0
Total ram usage:       21 bytes
 Hardware stack levels used:    1
 Hardware stack levels required when called:    5
 This function calls:
		___awdiv
		___awmod
		___llmod
		i1_WriteCmdXLCD
		i1_WriteDataXLCD
		i1___lldiv
 This function is called by:
		Interrupt level 1
 This function uses a non-reentrant model


 *************** function i1___lldiv *****************
 Defined at:
		line 8 in file "C:\Program Files (x86)\Microchip\xc8\v1.45\sources\common\lldiv.c"
 Parameters:    Size  Location     Type
  dividend        4   28[COMRAM] unsigned long 
  divisor         4   32[COMRAM] unsigned long 
 Auto vars:     Size  Location     Type
  __lldiv         4    0[BANK0 ] unsigned long 
  __lldiv         1    4[BANK0 ] unsigned char 
 Return value:  Size  Location     Type
                  4   28[COMRAM] unsigned long 
 Registers used:
		wreg, status,2, status,0
 Tracked objects:
		On entry : 
		On exit  : 
		Unchanged: 
 Data sizes:     COMRAM   BANK0   BANK1   BANK2   BANK3   BANK4   BANK5   BANK6   BANK7
      Params:         8       0       0       0       0       0       0       0       0
      Locals:         0       5       0       0       0       0       0       0       0
      Temps:          0       0       0       0       0       0       0       0       0
      Totals:         8       5       0       0       0       0       0       0       0
Total ram usage:       13 bytes
 Hardware stack levels used:    1
 Hardware stack levels required when called:    3
 This function calls:
		Nothing
 This function is called by:
		_HighPriorityISR
 This function uses a non-reentrant model


 *************** function i1_WriteDataXLCD *****************
 Defined at:
		line 449 in file "nxlcd.c"
 Parameters:    Size  Location     Type
  data            1    wreg     unsigned char 
 Auto vars:     Size  Location     Type
  data            1   28[COMRAM] unsigned char 
 Return value:  Size  Location     Type
                  1    wreg      void 
 Registers used:
		wreg, status,2, status,0, cstack
 Tracked objects:
		On entry : 
		On exit  : 
		Unchanged: 
 Data sizes:     COMRAM   BANK0   BANK1   BANK2   BANK3   BANK4   BANK5   BANK6   BANK7
      Params:         0       0       0       0       0       0       0       0       0
      Locals:         1       0       0       0       0       0       0       0       0
      Temps:          0       0       0       0       0       0       0       0       0
      Totals:         1       0       0       0       0       0       0       0       0
Total ram usage:        1 bytes
 Hardware stack levels used:    1
 Hardware stack levels required when called:    4
 This function calls:
		i1_DelayFor18TCY
 This function is called by:
		_HighPriorityISR
 This function uses a non-reentrant model


 *************** function i1_WriteCmdXLCD *****************
 Defined at:
		line 388 in file "nxlcd.c"
 Parameters:    Size  Location     Type
  cmd             1    wreg     unsigned char 
 Auto vars:     Size  Location     Type
  cmd             1   28[COMRAM] unsigned char 
 Return value:  Size  Location     Type
                  1    wreg      void 
 Registers used:
		wreg, status,2, status,0, cstack
 Tracked objects:
		On entry : 
		On exit  : 
		Unchanged: 
 Data sizes:     COMRAM   BANK0   BANK1   BANK2   BANK3   BANK4   BANK5   BANK6   BANK7
      Params:         0       0       0       0       0       0       0       0       0
      Locals:         1       0       0       0       0       0       0       0       0
      Temps:          0       0       0       0       0       0       0       0       0
      Totals:         1       0       0       0       0       0       0       0       0
Total ram usage:        1 bytes
 Hardware stack levels used:    1
 Hardware stack levels required when called:    4
 This function calls:
		i1_DelayFor18TCY
 This function is called by:
		_HighPriorityISR
 This function uses a non-reentrant model


 *************** function i1_DelayFor18TCY *****************
 Defined at:
		line 12 in file "nxlcd.c"
 Parameters:    Size  Location     Type
		None
 Auto vars:     Size  Location     Type
		None
 Return value:  Size  Location     Type
                  1    wreg      void 
 Registers used:
		wreg
 Tracked objects:
		On entry : 
		On exit  : 
		Unchanged: 
 Data sizes:     COMRAM   BANK0   BANK1   BANK2   BANK3   BANK4   BANK5   BANK6   BANK7
      Params:         0       0       0       0       0       0       0       0       0
      Locals:         0       0       0       0       0       0       0       0       0
      Temps:          0       0       0       0       0       0       0       0       0
      Totals:         0       0       0       0       0       0       0       0       0
Total ram usage:        0 bytes
 Hardware stack levels used:    1
 Hardware stack levels required when called:    3
 This function calls:
		Nothing
 This function is called by:
		i1_WriteCmdXLCD
		i1_WriteDataXLCD
 This function uses a non-reentrant model


 *************** function ___llmod *****************
 Defined at:
		line 8 in file "C:\Program Files (x86)\Microchip\xc8\v1.45\sources\common\llmod.c"
 Parameters:    Size  Location     Type
  dividend        4   28[COMRAM] unsigned long 
  divisor         4   32[COMRAM] unsigned long 
 Auto vars:     Size  Location     Type
  counter         1   36[COMRAM] unsigned char 
 Return value:  Size  Location     Type
                  4   28[COMRAM] unsigned long 
 Registers used:
		wreg, status,2, status,0
 Tracked objects:
		On entry : 
		On exit  : 
		Unchanged: 
 Data sizes:     COMRAM   BANK0   BANK1   BANK2   BANK3   BANK4   BANK5   BANK6   BANK7
      Params:         8       0       0       0       0       0       0       0       0
      Locals:         1       0       0       0       0       0       0       0       0
      Temps:          0       0       0       0       0       0       0       0       0
      Totals:         9       0       0       0       0       0       0       0       0
Total ram usage:        9 bytes
 Hardware stack levels used:    1
 Hardware stack levels required when called:    3
 This function calls:
		Nothing
 This function is called by:
		_HighPriorityISR
 This function uses a non-reentrant model


 *************** function ___awmod *****************
 Defined at:
		line 8 in file "C:\Program Files (x86)\Microchip\xc8\v1.45\sources\common\awmod.c"
 Parameters:    Size  Location     Type
  dividend        2   28[COMRAM] int 
  divisor         2   30[COMRAM] int 
 Auto vars:     Size  Location     Type
  sign            1   33[COMRAM] unsigned char 
  counter         1   32[COMRAM] unsigned char 
 Return value:  Size  Location     Type
                  2   28[COMRAM] int 
 Registers used:
		wreg, status,2, status,0
 Tracked objects:
		On entry : 
		On exit  : 
		Unchanged: 
 Data sizes:     COMRAM   BANK0   BANK1   BANK2   BANK3   BANK4   BANK5   BANK6   BANK7
      Params:         4       0       0       0       0       0       0       0       0
      Locals:         2       0       0       0       0       0       0       0       0
      Temps:          0       0       0       0       0       0       0       0       0
      Totals:         6       0       0       0       0       0       0       0       0
Total ram usage:        6 bytes
 Hardware stack levels used:    1
 Hardware stack levels required when called:    3
 This function calls:
		Nothing
 This function is called by:
		_HighPriorityISR
 This function uses a non-reentrant model


 *************** function ___awdiv *****************
 Defined at:
		line 8 in file "C:\Program Files (x86)\Microchip\xc8\v1.45\sources\common\awdiv.c"
 Parameters:    Size  Location     Type
  dividend        2   28[COMRAM] int 
  divisor         2   30[COMRAM] int 
 Auto vars:     Size  Location     Type
  quotient        2   34[COMRAM] int 
  sign            1   33[COMRAM] unsigned char 
  counter         1   32[COMRAM] unsigned char 
 Return value:  Size  Location     Type
                  2   28[COMRAM] int 
 Registers used:
		wreg, status,2, status,0
 Tracked objects:
		On entry : 
		On exit  : 
		Unchanged: 
 Data sizes:     COMRAM   BANK0   BANK1   BANK2   BANK3   BANK4   BANK5   BANK6   BANK7
      Params:         4       0       0       0       0       0       0       0       0
      Locals:         4       0       0       0       0       0       0       0       0
      Temps:          0       0       0       0       0       0       0       0       0
      Totals:         8       0       0       0       0       0       0       0       0
Total ram usage:        8 bytes
 Hardware stack levels used:    1
 Hardware stack levels required when called:    3
 This function calls:
		Nothing
 This function is called by:
		_HighPriorityISR
 This function uses a non-reentrant model


 *************** function _LowPriorityISR *****************
 Defined at:
		line 131 in file "main.c"
 Parameters:    Size  Location     Type
		None
 Auto vars:     Size  Location     Type
		None
 Return value:  Size  Location     Type
                  1    wreg      void 
 Registers used:
		wreg, status,2, status,0, cstack
 Tracked objects:
		On entry : 
		On exit  : 
		Unchanged: 
 Data sizes:     COMRAM   BANK0   BANK1   BANK2   BANK3   BANK4   BANK5   BANK6   BANK7
      Params:         0       0       0       0       0       0       0       0       0
      Locals:         0       0       0       0       0       0       0       0       0
      Temps:         20       0       0       0       0       0       0       0       0
      Totals:        20       0       0       0       0       0       0       0       0
Total ram usage:       20 bytes
 Hardware stack levels used:    1
 Hardware stack levels required when called:    2
 This function calls:
		i2_WriteCmdXLCD
		i2_WriteDataXLCD
		i2___awdiv
		i2___awmod
 This function is called by:
		Interrupt level 2
 This function uses a non-reentrant model


 *************** function i2___awmod *****************
 Defined at:
		line 8 in file "C:\Program Files (x86)\Microchip\xc8\v1.45\sources\common\awmod.c"
 Parameters:    Size  Location     Type
  dividend        2    0[COMRAM] int 
  divisor         2    2[COMRAM] int 
 Auto vars:     Size  Location     Type
  __awmod         1    5[COMRAM] unsigned char 
  __awmod         1    4[COMRAM] unsigned char 
 Return value:  Size  Location     Type
                  2    0[COMRAM] int 
 Registers used:
		wreg, status,2, status,0
 Tracked objects:
		On entry : 
		On exit  : 
		Unchanged: 
 Data sizes:     COMRAM   BANK0   BANK1   BANK2   BANK3   BANK4   BANK5   BANK6   BANK7
      Params:         4       0       0       0       0       0       0       0       0
      Locals:         2       0       0       0       0       0       0       0       0
      Temps:          0       0       0       0       0       0       0       0       0
      Totals:         6       0       0       0       0       0       0       0       0
Total ram usage:        6 bytes
 Hardware stack levels used:    1
 This function calls:
		Nothing
 This function is called by:
		_LowPriorityISR
 This function uses a non-reentrant model


 *************** function i2___awdiv *****************
 Defined at:
		line 8 in file "C:\Program Files (x86)\Microchip\xc8\v1.45\sources\common\awdiv.c"
 Parameters:    Size  Location     Type
  dividend        2    0[COMRAM] int 
  divisor         2    2[COMRAM] int 
 Auto vars:     Size  Location     Type
  __awdiv         2    6[COMRAM] int 
  __awdiv         1    5[COMRAM] unsigned char 
  __awdiv         1    4[COMRAM] unsigned char 
 Return value:  Size  Location     Type
                  2    0[COMRAM] int 
 Registers used:
		wreg, status,2, status,0
 Tracked objects:
		On entry : 
		On exit  : 
		Unchanged: 
 Data sizes:     COMRAM   BANK0   BANK1   BANK2   BANK3   BANK4   BANK5   BANK6   BANK7
      Params:         4       0       0       0       0       0       0       0       0
      Locals:         4       0       0       0       0       0       0       0       0
      Temps:          0       0       0       0       0       0       0       0       0
      Totals:         8       0       0       0       0       0       0       0       0
Total ram usage:        8 bytes
 Hardware stack levels used:    1
 This function calls:
		Nothing
 This function is called by:
		_LowPriorityISR
 This function uses a non-reentrant model


 *************** function i2_WriteDataXLCD *****************
 Defined at:
		line 449 in file "nxlcd.c"
 Parameters:    Size  Location     Type
  data            1    wreg     unsigned char 
 Auto vars:     Size  Location     Type
  data            1    0[COMRAM] unsigned char 
 Return value:  Size  Location     Type
                  1    wreg      void 
 Registers used:
		wreg, status,2, status,0, cstack
 Tracked objects:
		On entry : 
		On exit  : 
		Unchanged: 
 Data sizes:     COMRAM   BANK0   BANK1   BANK2   BANK3   BANK4   BANK5   BANK6   BANK7
      Params:         0       0       0       0       0       0       0       0       0
      Locals:         1       0       0       0       0       0       0       0       0
      Temps:          0       0       0       0       0       0       0       0       0
      Totals:         1       0       0       0       0       0       0       0       0
Total ram usage:        1 bytes
 Hardware stack levels used:    1
 Hardware stack levels required when called:    1
 This function calls:
		i2_DelayFor18TCY
 This function is called by:
		_LowPriorityISR
 This function uses a non-reentrant model


 *************** function i2_WriteCmdXLCD *****************
 Defined at:
		line 388 in file "nxlcd.c"
 Parameters:    Size  Location     Type
  cmd             1    wreg     unsigned char 
 Auto vars:     Size  Location     Type
  cmd             1    0[COMRAM] unsigned char 
 Return value:  Size  Location     Type
                  1    wreg      void 
 Registers used:
		wreg, status,2, status,0, cstack
 Tracked objects:
		On entry : 
		On exit  : 
		Unchanged: 
 Data sizes:     COMRAM   BANK0   BANK1   BANK2   BANK3   BANK4   BANK5   BANK6   BANK7
      Params:         0       0       0       0       0       0       0       0       0
      Locals:         1       0       0       0       0       0       0       0       0
      Temps:          0       0       0       0       0       0       0       0       0
      Totals:         1       0       0       0       0       0       0       0       0
Total ram usage:        1 bytes
 Hardware stack levels used:    1
 Hardware stack levels required when called:    1
 This function calls:
		i2_DelayFor18TCY
 This function is called by:
		_LowPriorityISR
 This function uses a non-reentrant model


 *************** function i2_DelayFor18TCY *****************
 Defined at:
		line 12 in file "nxlcd.c"
 Parameters:    Size  Location     Type
		None
 Auto vars:     Size  Location     Type
		None
 Return value:  Size  Location     Type
                  1    wreg      void 
 Registers used:
		wreg
 Tracked objects:
		On entry : 
		On exit  : 
		Unchanged: 
 Data sizes:     COMRAM   BANK0   BANK1   BANK2   BANK3   BANK4   BANK5   BANK6   BANK7
      Params:         0       0       0       0       0       0       0       0       0
      Locals:         0       0       0       0       0       0       0       0       0
      Temps:          0       0       0       0       0       0       0       0       0
      Totals:         0       0       0       0       0       0       0       0       0
Total ram usage:        0 bytes
 Hardware stack levels used:    1
 This function calls:
		Nothing
 This function is called by:
		i2_WriteCmdXLCD
		i2_WriteDataXLCD
 This function uses a non-reentrant model



MODULE INFORMATION

Module		Function		Class		Link	Load	Size
C:\Program Files (x86)\Microchip\xc8\v1.45\sources\common\awmod.c
		___awmod       		CODE           	1066	0000	113

C:\Program Files (x86)\Microchip\xc8\v1.45\sources\common\awmod.c estimated size: 113

C:\Program Files (x86)\Microchip\xc8\v1.45\sources\common\llmod.c
		___llmod       		CODE           	1146	0000	103

C:\Program Files (x86)\Microchip\xc8\v1.45\sources\common\llmod.c estimated size: 103

C:\Program Files (x86)\Microchip\xc8\v1.45\sources\common\Umul32.c
		___lmul        		CODE           	11AC	0000	89

C:\Program Files (x86)\Microchip\xc8\v1.45\sources\common\Umul32.c estimated size: 89

nxlcd.c
		_BusyXLCD      		CODE           	13CA	0000	59
		_putsXLCD      		CODE           	1404	0000	55
		_DelayFor18TCY 		CODE           	148C	0000	11
		_DelayXLCD     		CODE           	1464	0000	21
		_WriteCmdXLCD  		CODE           	128E	0000	69
		_OpenXLCD      		CODE           	0DAA	0000	173
		_WriteDataXLCD 		CODE           	124A	0000	69
		_SetDDRamAddr  		CODE           	1204	0000	71
		_DelayPORXLCD  		CODE           	1478	0000	21

nxlcd.c estimated size: 549

shared
		i1_WriteDataXLCD		CODE           	12D2	0000	63
		i2_WriteDataXLCD		CODE           	134E	0000	63
		i2___awdiv     		CODE           	0FE2	0000	133
		i1___lldiv     		CODE           	0EDA	0000	133
		__initialization		CODE           	143A	0000	25
		i2___awmod     		CODE           	10D6	0000	113
		i1_WriteCmdXLCD		CODE           	1310	0000	63
		i2_WriteCmdXLCD		CODE           	138C	0000	63
		i1_DelayFor18TCY		CODE           	1496	0000	11
		i2_DelayFor18TCY		CODE           	14A0	0000	11

shared estimated size: 678

C:\Program Files (x86)\Microchip\xc8\v1.45\sources\common\awdiv.c
		___awdiv       		CODE           	0F5E	0000	133

C:\Program Files (x86)\Microchip\xc8\v1.45\sources\common\awdiv.c estimated size: 133

C:\Program Files (x86)\Microchip\xc8\v1.45\sources\common\lldiv.c
		___lldiv       		CODE           	0E56	0000	133

C:\Program Files (x86)\Microchip\xc8\v1.45\sources\common\lldiv.c estimated size: 133

main.c
		_HighPriorityISR		CODE           	0018	0000	757
		_main          		CODE           	0818	0000	641
		_setTemperaturaAmbiente		CODE           	0C3A	0000	369
		_LowPriorityISR		CODE           	0008	0000	425

main.c estimated size: 2192

